[2019-06-01 00:31:13,960: WARNING/MainProcess] /home/ubuntu/.virtualenvs/env/lib/python3.5/site-packages/celery/apps/worker.py:161: CDeprecationWarning: 
Starting from version 3.2 Celery will refuse to accept pickle by default.

The pickle serializer is a security concern as it may give attackers
the ability to execute any command.  It's important to secure
your broker from unauthorized access when using pickle, so we think
that enabling pickle should require a deliberate action and not be
the default choice.

If you depend on pickle then you should set a setting to disable this
warning and to be sure that everything will continue working
when you upgrade to Celery 3.2::

    CELERY_ACCEPT_CONTENT = ['pickle', 'json', 'msgpack', 'yaml']

You must only enable the serializers that you will actually use.


  warnings.warn(CDeprecationWarning(W_PICKLE_DEPRECATED))
[2019-06-01 00:31:14,021: INFO/MainProcess] Connected to redis://127.0.0.1:6379//
[2019-06-01 00:31:14,028: INFO/MainProcess] mingle: searching for neighbors
[2019-06-01 00:31:15,032: INFO/MainProcess] mingle: all alone
[2019-06-01 00:31:15,037: WARNING/MainProcess] celery@VM-0-14-ubuntu ready.
[2019-06-01 00:31:15,264: INFO/MainProcess] Received task: base.tasks.run_plan[335aaa52-6305-45ed-bf02-bff1dfbca7eb]
[2019-06-01 00:31:15,265: INFO/Worker-1] run plan------->执行测试计划中<--------------
[2019-06-01 00:31:15,269: WARNING/Worker-1] interface params:
[2019-06-01 00:31:15,269: WARNING/Worker-1] https://course.rest.xxbmm.com/games/top
[2019-06-01 00:31:15,269: WARNING/Worker-1] {'token': ''}
[2019-06-01 00:31:15,269: WARNING/Worker-1] {}
[2019-06-01 00:31:15,269: WARNING/Worker-1] data
[2019-06-01 00:31:15,539: WARNING/Worker-1] /home/ubuntu/.virtualenvs/env/lib/python3.5/site-packages/urllib3/connectionpool.py:851: InsecureRequestWarning: Unverified HTTPS request is being made. Adding certificate verification is strongly advised. See: https://urllib3.readthedocs.io/en/latest/advanced-usage.html#ssl-warnings
  InsecureRequestWarning)
[2019-06-01 00:31:15,623: WARNING/Worker-1] 200
[2019-06-01 00:31:15,623: WARNING/Worker-1] {"suc":true,"msg":"成功","data":[{"id":5,"name":"31-吸管的脚印 B","img":"https://coursecdn.xxbmm.com/xxbmm-course-image/2019/03/20/13/323fb520-498b-4d71-8905-af0bcc055182.jpg","description":"","pay_type":"FREE","tags_name":["休闲娱乐"]},{"id":6,"name":"27-立体的圣诞老人-bcopy","img":"https://coursecdn.xxbmm.com/xxbmm-course-image/2019/03/20/11/fe7a6312-90db-400f-8ae7-527b5b6311c4.jpg","description":"27-立体的圣诞老人-bcopy 描述","pay_type":null,"tags_name":["益智游戏"]},{"id":23,"name":"30-不一样的画笔 B","img":"https://coursecdn.xxbmm.com/xxbmm-course-image/2019/03/20/13/b92e7888-11c2-42c0-8f70-e091e92cf129.jpg","description":"30-不一样的画笔 B ","pay_type":"FREE","tags_name":[]}],"response_code":0}
[2019-06-01 00:31:15,624: INFO/Worker-1] interface response data: {'step_list': [{'if_id': '77', 'is_sign': 0, 'result': 'pass', 'interface_totalTime': '0.010845s', 'res_content': {'response_code': 0, 'suc': True, 'msg': '成功', 'data': [{'description': '', 'img': 'https://coursecdn.xxbmm.com/xxbmm-course-image/2019/03/20/13/323fb520-498b-4d71-8905-af0bcc055182.jpg', 'name': '31-吸管的脚印 B', 'pay_type': 'FREE', 'id': 5, 'tags_name': ['休闲娱乐']}, {'description': '27-立体的圣诞老人-bcopy 描述', 'img': 'https://coursecdn.xxbmm.com/xxbmm-course-image/2019/03/20/11/fe7a6312-90db-400f-8ae7-527b5b6311c4.jpg', 'name': '27-立体的圣诞老人-bcopy', 'pay_type': None, 'id': 6, 'tags_name': ['益智游戏']}, {'description': '30-不一样的画笔 B ', 'img': 'https://coursecdn.xxbmm.com/xxbmm-course-image/2019/03/20/13/b92e7888-11c2-42c0-8f70-e091e92cf129.jpg', 'name': '30-不一样的画笔 B', 'pay_type': 'FREE', 'id': 23, 'tags_name': []}]}, 'header': {'token': ''}, 'msg': {}, 'data_type': 'data', 'body': {}, 'res_status_code': 200, 'url': 'https://course.rest.xxbmm.com/games/top', 'sign_type': 2, 'if_name': '游戏排行榜', 'method': 'get'}], 'case_id': '1', 'case_name': '游戏排行榜', 'func_name': 'test_case', 'method_doc': '', 'class_name': '定时任务'}
[2019-06-01 00:31:15,751: INFO/Worker-1] 测试任务执行完成！
[2019-06-01 00:31:15,764: INFO/MainProcess] Task base.tasks.run_plan[335aaa52-6305-45ed-bf02-bff1dfbca7eb] succeeded in 0.49858778799534775s: None
[2019-06-01 00:31:31,347: INFO/MainProcess] Received task: base.tasks.run_plan[0aeceede-0caa-4ec3-938f-e732042c71c0]
[2019-06-01 00:31:31,348: INFO/Worker-1] run plan------->执行测试计划中<--------------
[2019-06-01 00:31:31,350: WARNING/Worker-1] interface params:
[2019-06-01 00:31:31,350: WARNING/Worker-1] https://course.rest.xxbmm.com/games/top
[2019-06-01 00:31:31,351: WARNING/Worker-1] {'token': ''}
[2019-06-01 00:31:31,351: WARNING/Worker-1] {}
[2019-06-01 00:31:31,351: WARNING/Worker-1] data
[2019-06-01 00:31:31,517: WARNING/Worker-1] /home/ubuntu/.virtualenvs/env/lib/python3.5/site-packages/urllib3/connectionpool.py:851: InsecureRequestWarning: Unverified HTTPS request is being made. Adding certificate verification is strongly advised. See: https://urllib3.readthedocs.io/en/latest/advanced-usage.html#ssl-warnings
  InsecureRequestWarning)
[2019-06-01 00:31:31,604: WARNING/Worker-1] 200
[2019-06-01 00:31:31,604: WARNING/Worker-1] {"suc":true,"msg":"成功","data":[{"id":5,"name":"31-吸管的脚印 B","img":"https://coursecdn.xxbmm.com/xxbmm-course-image/2019/03/20/13/323fb520-498b-4d71-8905-af0bcc055182.jpg","description":"","pay_type":"FREE","tags_name":["休闲娱乐"]},{"id":6,"name":"27-立体的圣诞老人-bcopy","img":"https://coursecdn.xxbmm.com/xxbmm-course-image/2019/03/20/11/fe7a6312-90db-400f-8ae7-527b5b6311c4.jpg","description":"27-立体的圣诞老人-bcopy 描述","pay_type":null,"tags_name":["益智游戏"]},{"id":23,"name":"30-不一样的画笔 B","img":"https://coursecdn.xxbmm.com/xxbmm-course-image/2019/03/20/13/b92e7888-11c2-42c0-8f70-e091e92cf129.jpg","description":"30-不一样的画笔 B ","pay_type":"FREE","tags_name":[]}],"response_code":0}
[2019-06-01 00:31:31,604: INFO/Worker-1] interface response data: {'step_list': [{'if_id': '77', 'is_sign': 0, 'result': 'pass', 'interface_totalTime': '0.005723000000000006s', 'res_content': {'response_code': 0, 'suc': True, 'msg': '成功', 'data': [{'description': '', 'img': 'https://coursecdn.xxbmm.com/xxbmm-course-image/2019/03/20/13/323fb520-498b-4d71-8905-af0bcc055182.jpg', 'name': '31-吸管的脚印 B', 'pay_type': 'FREE', 'id': 5, 'tags_name': ['休闲娱乐']}, {'description': '27-立体的圣诞老人-bcopy 描述', 'img': 'https://coursecdn.xxbmm.com/xxbmm-course-image/2019/03/20/11/fe7a6312-90db-400f-8ae7-527b5b6311c4.jpg', 'name': '27-立体的圣诞老人-bcopy', 'pay_type': None, 'id': 6, 'tags_name': ['益智游戏']}, {'description': '30-不一样的画笔 B ', 'img': 'https://coursecdn.xxbmm.com/xxbmm-course-image/2019/03/20/13/b92e7888-11c2-42c0-8f70-e091e92cf129.jpg', 'name': '30-不一样的画笔 B', 'pay_type': 'FREE', 'id': 23, 'tags_name': []}]}, 'header': {'token': ''}, 'msg': {}, 'data_type': 'data', 'body': {}, 'res_status_code': 200, 'url': 'https://course.rest.xxbmm.com/games/top', 'sign_type': 2, 'if_name': '游戏排行榜', 'method': 'get'}], 'case_id': '1', 'case_name': '游戏排行榜', 'func_name': 'test_case', 'method_doc': '', 'class_name': '定时任务'}
[2019-06-01 00:31:31,605: WARNING/Worker-1] /home/ubuntu/.virtualenvs/env/lib/python3.5/site-packages/matplotlib/figure.py:98: MatplotlibDeprecationWarning: 
Adding an axes using the same arguments as a previous axes currently reuses the earlier instance.  In a future version, a new instance will always be created and returned.  Meanwhile, this warning can be suppressed, and the future behavior ensured, by passing a unique label to each axes instance.
  "Adding an axes using the same arguments as a previous axes "
[2019-06-01 00:31:31,714: INFO/Worker-1] 测试任务执行完成！
[2019-06-01 00:31:31,724: INFO/MainProcess] Task base.tasks.run_plan[0aeceede-0caa-4ec3-938f-e732042c71c0] succeeded in 0.37567801700060954s: None
[2019-06-01 00:47:44,129: WARNING/MainProcess] /home/ubuntu/.virtualenvs/env/lib/python3.5/site-packages/celery/apps/worker.py:161: CDeprecationWarning: 
Starting from version 3.2 Celery will refuse to accept pickle by default.

The pickle serializer is a security concern as it may give attackers
the ability to execute any command.  It's important to secure
your broker from unauthorized access when using pickle, so we think
that enabling pickle should require a deliberate action and not be
the default choice.

If you depend on pickle then you should set a setting to disable this
warning and to be sure that everything will continue working
when you upgrade to Celery 3.2::

    CELERY_ACCEPT_CONTENT = ['pickle', 'json', 'msgpack', 'yaml']

You must only enable the serializers that you will actually use.


  warnings.warn(CDeprecationWarning(W_PICKLE_DEPRECATED))
[2019-06-01 00:47:44,195: INFO/MainProcess] Connected to redis://127.0.0.1:6379//
[2019-06-01 00:47:44,203: INFO/MainProcess] mingle: searching for neighbors
[2019-06-01 00:47:45,207: INFO/MainProcess] mingle: all alone
[2019-06-01 00:47:45,212: WARNING/MainProcess] celery@VM-0-14-ubuntu ready.
[2019-06-01 00:47:45,444: INFO/MainProcess] Received task: base.tasks.run_plan[329f1f91-12bd-41d4-9771-a0f37520fd19]
[2019-06-01 00:47:45,446: INFO/Worker-1] run plan------->执行测试计划中<--------------
[2019-06-01 00:47:45,449: WARNING/Worker-1] interface params:
[2019-06-01 00:47:45,450: WARNING/Worker-1] https://course.rest.xxbmm.com/games/top
[2019-06-01 00:47:45,450: WARNING/Worker-1] {'token': ''}
[2019-06-01 00:47:45,450: WARNING/Worker-1] {}
[2019-06-01 00:47:45,450: WARNING/Worker-1] data
[2019-06-01 00:47:45,935: WARNING/Worker-1] /home/ubuntu/.virtualenvs/env/lib/python3.5/site-packages/urllib3/connectionpool.py:851: InsecureRequestWarning: Unverified HTTPS request is being made. Adding certificate verification is strongly advised. See: https://urllib3.readthedocs.io/en/latest/advanced-usage.html#ssl-warnings
  InsecureRequestWarning)
[2019-06-01 00:47:46,028: WARNING/Worker-1] 200
[2019-06-01 00:47:46,028: WARNING/Worker-1] {"suc":true,"msg":"成功","data":[{"id":5,"name":"31-吸管的脚印 B","img":"https://coursecdn.xxbmm.com/xxbmm-course-image/2019/03/20/13/323fb520-498b-4d71-8905-af0bcc055182.jpg","description":"","pay_type":"FREE","tags_name":["休闲娱乐"]},{"id":6,"name":"27-立体的圣诞老人-bcopy","img":"https://coursecdn.xxbmm.com/xxbmm-course-image/2019/03/20/11/fe7a6312-90db-400f-8ae7-527b5b6311c4.jpg","description":"27-立体的圣诞老人-bcopy 描述","pay_type":null,"tags_name":["益智游戏"]},{"id":23,"name":"30-不一样的画笔 B","img":"https://coursecdn.xxbmm.com/xxbmm-course-image/2019/03/20/13/b92e7888-11c2-42c0-8f70-e091e92cf129.jpg","description":"30-不一样的画笔 B ","pay_type":"FREE","tags_name":[]}],"response_code":0}
[2019-06-01 00:47:46,029: INFO/Worker-1] interface response data: {'case_id': '1', 'method_doc': '', 'case_name': '游戏排行榜', 'func_name': 'test_case', 'step_list': [{'url': 'https://course.rest.xxbmm.com/games/top', 'sign_type': 2, 'msg': {}, 'res_content': {'data': [{'img': 'https://coursecdn.xxbmm.com/xxbmm-course-image/2019/03/20/13/323fb520-498b-4d71-8905-af0bcc055182.jpg', 'description': '', 'id': 5, 'tags_name': ['休闲娱乐'], 'name': '31-吸管的脚印 B', 'pay_type': 'FREE'}, {'img': 'https://coursecdn.xxbmm.com/xxbmm-course-image/2019/03/20/11/fe7a6312-90db-400f-8ae7-527b5b6311c4.jpg', 'description': '27-立体的圣诞老人-bcopy 描述', 'id': 6, 'tags_name': ['益智游戏'], 'name': '27-立体的圣诞老人-bcopy', 'pay_type': None}, {'img': 'https://coursecdn.xxbmm.com/xxbmm-course-image/2019/03/20/13/b92e7888-11c2-42c0-8f70-e091e92cf129.jpg', 'description': '30-不一样的画笔 B ', 'id': 23, 'tags_name': [], 'name': '30-不一样的画笔 B', 'pay_type': 'FREE'}], 'suc': True, 'msg': '成功', 'response_code': 0}, 'is_sign': 0, 'interface_totalTime': '0.010848s', 'result': 'pass', 'body': {}, 'method': 'get', 'res_status_code': 200, 'if_id': '77', 'if_name': '游戏排行榜', 'data_type': 'data', 'header': {'token': ''}}], 'class_name': '定时任务'}
[2019-06-01 00:47:46,156: INFO/Worker-1] 测试任务执行完成！
[2019-06-01 00:47:46,168: INFO/MainProcess] Task base.tasks.run_plan[329f1f91-12bd-41d4-9771-a0f37520fd19] succeeded in 0.7224407570029143s: None
[2019-06-01 00:48:14,127: INFO/MainProcess] Received task: base.tasks.run_plan[ced3b90d-f91d-4794-8865-2683b8948fb6]
[2019-06-01 00:48:14,127: INFO/Worker-1] run plan------->执行测试计划中<--------------
[2019-06-01 00:48:14,129: WARNING/Worker-1] interface params:
[2019-06-01 00:48:14,130: WARNING/Worker-1] https://course.rest.xxbmm.com/games/top
[2019-06-01 00:48:14,130: WARNING/Worker-1] {'token': ''}
[2019-06-01 00:48:14,130: WARNING/Worker-1] {}
[2019-06-01 00:48:14,130: WARNING/Worker-1] data
[2019-06-01 00:48:14,333: WARNING/Worker-1] /home/ubuntu/.virtualenvs/env/lib/python3.5/site-packages/urllib3/connectionpool.py:851: InsecureRequestWarning: Unverified HTTPS request is being made. Adding certificate verification is strongly advised. See: https://urllib3.readthedocs.io/en/latest/advanced-usage.html#ssl-warnings
  InsecureRequestWarning)
[2019-06-01 00:48:14,420: WARNING/Worker-1] 200
[2019-06-01 00:48:14,420: WARNING/Worker-1] {"suc":true,"msg":"成功","data":[{"id":5,"name":"31-吸管的脚印 B","img":"https://coursecdn.xxbmm.com/xxbmm-course-image/2019/03/20/13/323fb520-498b-4d71-8905-af0bcc055182.jpg","description":"","pay_type":"FREE","tags_name":["休闲娱乐"]},{"id":6,"name":"27-立体的圣诞老人-bcopy","img":"https://coursecdn.xxbmm.com/xxbmm-course-image/2019/03/20/11/fe7a6312-90db-400f-8ae7-527b5b6311c4.jpg","description":"27-立体的圣诞老人-bcopy 描述","pay_type":null,"tags_name":["益智游戏"]},{"id":23,"name":"30-不一样的画笔 B","img":"https://coursecdn.xxbmm.com/xxbmm-course-image/2019/03/20/13/b92e7888-11c2-42c0-8f70-e091e92cf129.jpg","description":"30-不一样的画笔 B ","pay_type":"FREE","tags_name":[]}],"response_code":0}
[2019-06-01 00:48:14,420: INFO/Worker-1] interface response data: {'case_id': '1', 'method_doc': '', 'case_name': '游戏排行榜', 'func_name': 'test_case', 'step_list': [{'url': 'https://course.rest.xxbmm.com/games/top', 'sign_type': 2, 'msg': {}, 'res_content': {'data': [{'img': 'https://coursecdn.xxbmm.com/xxbmm-course-image/2019/03/20/13/323fb520-498b-4d71-8905-af0bcc055182.jpg', 'description': '', 'id': 5, 'tags_name': ['休闲娱乐'], 'name': '31-吸管的脚印 B', 'pay_type': 'FREE'}, {'img': 'https://coursecdn.xxbmm.com/xxbmm-course-image/2019/03/20/11/fe7a6312-90db-400f-8ae7-527b5b6311c4.jpg', 'description': '27-立体的圣诞老人-bcopy 描述', 'id': 6, 'tags_name': ['益智游戏'], 'name': '27-立体的圣诞老人-bcopy', 'pay_type': None}, {'img': 'https://coursecdn.xxbmm.com/xxbmm-course-image/2019/03/20/13/b92e7888-11c2-42c0-8f70-e091e92cf129.jpg', 'description': '30-不一样的画笔 B ', 'id': 23, 'tags_name': [], 'name': '30-不一样的画笔 B', 'pay_type': 'FREE'}], 'suc': True, 'msg': '成功', 'response_code': 0}, 'is_sign': 0, 'interface_totalTime': '0.0062490000000000046s', 'result': 'pass', 'body': {}, 'method': 'get', 'res_status_code': 200, 'if_id': '77', 'if_name': '游戏排行榜', 'data_type': 'data', 'header': {'token': ''}}], 'class_name': '定时任务'}
[2019-06-01 00:48:14,421: WARNING/Worker-1] /home/ubuntu/.virtualenvs/env/lib/python3.5/site-packages/matplotlib/figure.py:98: MatplotlibDeprecationWarning: 
Adding an axes using the same arguments as a previous axes currently reuses the earlier instance.  In a future version, a new instance will always be created and returned.  Meanwhile, this warning can be suppressed, and the future behavior ensured, by passing a unique label to each axes instance.
  "Adding an axes using the same arguments as a previous axes "
[2019-06-01 00:48:14,528: INFO/Worker-1] 测试任务执行完成！
[2019-06-01 00:48:14,536: INFO/MainProcess] Task base.tasks.run_plan[ced3b90d-f91d-4794-8865-2683b8948fb6] succeeded in 0.4090554360009264s: None
[2019-06-01 00:48:44,128: INFO/MainProcess] Received task: base.tasks.run_plan[7a2b73d0-b437-48e3-aa49-1e210385e20e]
[2019-06-01 00:48:44,128: INFO/Worker-1] run plan------->执行测试计划中<--------------
[2019-06-01 00:48:44,131: WARNING/Worker-1] interface params:
[2019-06-01 00:48:44,131: WARNING/Worker-1] https://course.rest.xxbmm.com/games/top
[2019-06-01 00:48:44,132: WARNING/Worker-1] {'token': ''}
[2019-06-01 00:48:44,132: WARNING/Worker-1] {}
[2019-06-01 00:48:44,132: WARNING/Worker-1] data
[2019-06-01 00:48:44,315: WARNING/Worker-1] /home/ubuntu/.virtualenvs/env/lib/python3.5/site-packages/urllib3/connectionpool.py:851: InsecureRequestWarning: Unverified HTTPS request is being made. Adding certificate verification is strongly advised. See: https://urllib3.readthedocs.io/en/latest/advanced-usage.html#ssl-warnings
  InsecureRequestWarning)
[2019-06-01 00:48:44,406: WARNING/Worker-1] 200
[2019-06-01 00:48:44,406: WARNING/Worker-1] {"suc":true,"msg":"成功","data":[{"id":5,"name":"31-吸管的脚印 B","img":"https://coursecdn.xxbmm.com/xxbmm-course-image/2019/03/20/13/323fb520-498b-4d71-8905-af0bcc055182.jpg","description":"","pay_type":"FREE","tags_name":["休闲娱乐"]},{"id":6,"name":"27-立体的圣诞老人-bcopy","img":"https://coursecdn.xxbmm.com/xxbmm-course-image/2019/03/20/11/fe7a6312-90db-400f-8ae7-527b5b6311c4.jpg","description":"27-立体的圣诞老人-bcopy 描述","pay_type":null,"tags_name":["益智游戏"]},{"id":23,"name":"30-不一样的画笔 B","img":"https://coursecdn.xxbmm.com/xxbmm-course-image/2019/03/20/13/b92e7888-11c2-42c0-8f70-e091e92cf129.jpg","description":"30-不一样的画笔 B ","pay_type":"FREE","tags_name":[]}],"response_code":0}
[2019-06-01 00:48:44,406: INFO/Worker-1] interface response data: {'case_id': '1', 'method_doc': '', 'case_name': '游戏排行榜', 'func_name': 'test_case', 'step_list': [{'url': 'https://course.rest.xxbmm.com/games/top', 'sign_type': 2, 'msg': {}, 'res_content': {'data': [{'img': 'https://coursecdn.xxbmm.com/xxbmm-course-image/2019/03/20/13/323fb520-498b-4d71-8905-af0bcc055182.jpg', 'description': '', 'id': 5, 'tags_name': ['休闲娱乐'], 'name': '31-吸管的脚印 B', 'pay_type': 'FREE'}, {'img': 'https://coursecdn.xxbmm.com/xxbmm-course-image/2019/03/20/11/fe7a6312-90db-400f-8ae7-527b5b6311c4.jpg', 'description': '27-立体的圣诞老人-bcopy 描述', 'id': 6, 'tags_name': ['益智游戏'], 'name': '27-立体的圣诞老人-bcopy', 'pay_type': None}, {'img': 'https://coursecdn.xxbmm.com/xxbmm-course-image/2019/03/20/13/b92e7888-11c2-42c0-8f70-e091e92cf129.jpg', 'description': '30-不一样的画笔 B ', 'id': 23, 'tags_name': [], 'name': '30-不一样的画笔 B', 'pay_type': 'FREE'}], 'suc': True, 'msg': '成功', 'response_code': 0}, 'is_sign': 0, 'interface_totalTime': '0.005859999999999976s', 'result': 'pass', 'body': {}, 'method': 'get', 'res_status_code': 200, 'if_id': '77', 'if_name': '游戏排行榜', 'data_type': 'data', 'header': {'token': ''}}], 'class_name': '定时任务'}
[2019-06-01 00:48:44,514: INFO/Worker-1] 测试任务执行完成！
[2019-06-01 00:48:44,521: INFO/MainProcess] Task base.tasks.run_plan[7a2b73d0-b437-48e3-aa49-1e210385e20e] succeeded in 0.3931440640008077s: None
[2019-06-01 00:49:14,128: INFO/MainProcess] Received task: base.tasks.run_plan[7143f090-53fb-48ea-91b3-97cd2a698f2a]
[2019-06-01 00:49:14,129: INFO/Worker-1] run plan------->执行测试计划中<--------------
[2019-06-01 00:49:14,130: ERROR/Worker-1] 查询定时任务计划为空！
[2019-06-01 00:49:14,139: INFO/MainProcess] Task base.tasks.run_plan[7143f090-53fb-48ea-91b3-97cd2a698f2a] succeeded in 0.01027218400122365s: None
[2019-06-01 00:49:44,129: INFO/MainProcess] Received task: base.tasks.run_plan[380b75b9-f57e-4535-a572-e47305a54dd1]
[2019-06-01 00:49:44,130: INFO/Worker-1] run plan------->执行测试计划中<--------------
[2019-06-01 00:49:44,131: ERROR/Worker-1] 查询定时任务计划为空！
[2019-06-01 00:49:44,140: INFO/MainProcess] Task base.tasks.run_plan[380b75b9-f57e-4535-a572-e47305a54dd1] succeeded in 0.010603023998555727s: None
[2019-06-01 00:50:14,130: INFO/MainProcess] Received task: base.tasks.run_plan[355f0352-bed2-408c-8f56-e9fcce584c58]
[2019-06-01 00:50:14,131: INFO/Worker-1] run plan------->执行测试计划中<--------------
[2019-06-01 00:50:14,132: ERROR/Worker-1] 查询定时任务计划为空！
[2019-06-01 00:50:14,141: INFO/MainProcess] Task base.tasks.run_plan[355f0352-bed2-408c-8f56-e9fcce584c58] succeeded in 0.009793791999982204s: None
[2019-06-01 00:50:44,131: INFO/MainProcess] Received task: base.tasks.run_plan[e3dd4b77-1fed-4c9a-87cb-87b200ca4889]
[2019-06-01 00:50:44,132: INFO/Worker-1] run plan------->执行测试计划中<--------------
[2019-06-01 00:50:44,133: ERROR/Worker-1] 查询定时任务计划为空！
[2019-06-01 00:50:44,142: INFO/MainProcess] Task base.tasks.run_plan[e3dd4b77-1fed-4c9a-87cb-87b200ca4889] succeeded in 0.009915221999108326s: None
[2019-06-01 00:51:14,131: INFO/MainProcess] Received task: base.tasks.run_plan[0053741d-1233-4c40-88c7-4ae407c9ec66]
[2019-06-01 00:51:14,132: INFO/Worker-1] run plan------->执行测试计划中<--------------
[2019-06-01 00:51:14,133: ERROR/Worker-1] 查询定时任务计划为空！
[2019-06-01 00:51:14,145: INFO/MainProcess] Task base.tasks.run_plan[0053741d-1233-4c40-88c7-4ae407c9ec66] succeeded in 0.013101197000651155s: None
[2019-06-01 00:51:44,132: INFO/MainProcess] Received task: base.tasks.run_plan[852061cd-aa08-4933-980e-189731f5cb51]
[2019-06-01 00:51:44,133: INFO/Worker-1] run plan------->执行测试计划中<--------------
[2019-06-01 00:51:44,134: ERROR/Worker-1] 查询定时任务计划为空！
[2019-06-01 00:51:44,143: INFO/MainProcess] Task base.tasks.run_plan[852061cd-aa08-4933-980e-189731f5cb51] succeeded in 0.010113288997672498s: None
[2019-06-01 00:52:14,133: INFO/MainProcess] Received task: base.tasks.run_plan[88b021cb-6879-4b7d-90a1-db14401114f2]
[2019-06-01 00:52:14,134: INFO/Worker-1] run plan------->执行测试计划中<--------------
[2019-06-01 00:52:14,135: ERROR/Worker-1] 查询定时任务计划为空！
[2019-06-01 00:52:14,144: INFO/MainProcess] Task base.tasks.run_plan[88b021cb-6879-4b7d-90a1-db14401114f2] succeeded in 0.010218733004876412s: None
[2019-06-01 00:52:44,134: INFO/MainProcess] Received task: base.tasks.run_plan[cf4f3f86-2848-4d27-aa97-75a84680608d]
[2019-06-01 00:52:44,135: INFO/Worker-1] run plan------->执行测试计划中<--------------
[2019-06-01 00:52:44,136: ERROR/Worker-1] 查询定时任务计划为空！
[2019-06-01 00:52:44,146: INFO/MainProcess] Task base.tasks.run_plan[cf4f3f86-2848-4d27-aa97-75a84680608d] succeeded in 0.011055062001105398s: None
[2019-06-01 00:53:14,134: INFO/MainProcess] Received task: base.tasks.run_plan[9c1ab69c-d1d1-405e-ab5a-d31f92de0f72]
[2019-06-01 00:53:14,135: INFO/Worker-1] run plan------->执行测试计划中<--------------
[2019-06-01 00:53:14,136: ERROR/Worker-1] 查询定时任务计划为空！
[2019-06-01 00:53:14,146: INFO/MainProcess] Task base.tasks.run_plan[9c1ab69c-d1d1-405e-ab5a-d31f92de0f72] succeeded in 0.011144969001179561s: None
[2019-06-01 00:53:44,135: INFO/MainProcess] Received task: base.tasks.run_plan[db6495f5-3437-44b1-8ec6-56ce83c87678]
[2019-06-01 00:53:44,136: INFO/Worker-1] run plan------->执行测试计划中<--------------
[2019-06-01 00:53:44,137: ERROR/Worker-1] 查询定时任务计划为空！
[2019-06-01 00:53:44,145: INFO/MainProcess] Task base.tasks.run_plan[db6495f5-3437-44b1-8ec6-56ce83c87678] succeeded in 0.009600450001016725s: None
[2019-06-01 00:54:14,136: INFO/MainProcess] Received task: base.tasks.run_plan[7bf4335f-5eac-46b3-a5a8-91462143780b]
[2019-06-01 00:54:14,137: INFO/Worker-1] run plan------->执行测试计划中<--------------
[2019-06-01 00:54:14,138: ERROR/Worker-1] 查询定时任务计划为空！
[2019-06-01 00:54:14,146: INFO/MainProcess] Task base.tasks.run_plan[7bf4335f-5eac-46b3-a5a8-91462143780b] succeeded in 0.009025163999467622s: None
[2019-06-01 00:54:44,137: INFO/MainProcess] Received task: base.tasks.run_plan[078ba2d5-a0dc-49e1-921e-1884315549d4]
[2019-06-01 00:54:44,138: INFO/Worker-1] run plan------->执行测试计划中<--------------
[2019-06-01 00:54:44,139: ERROR/Worker-1] 查询定时任务计划为空！
[2019-06-01 00:54:44,147: INFO/MainProcess] Task base.tasks.run_plan[078ba2d5-a0dc-49e1-921e-1884315549d4] succeeded in 0.009678946997155435s: None
[2019-06-01 01:54:44,139: INFO/MainProcess] Received task: base.tasks.run_plan[6fbddc87-7bc2-47e2-92ef-4b598c210544]
[2019-06-01 01:54:44,140: INFO/Worker-1] run plan------->执行测试计划中<--------------
[2019-06-01 01:54:44,141: ERROR/Worker-1] 查询定时任务计划为空！
[2019-06-01 01:54:44,153: INFO/MainProcess] Task base.tasks.run_plan[6fbddc87-7bc2-47e2-92ef-4b598c210544] succeeded in 0.012623125992831774s: None
[2019-06-01 02:54:44,139: INFO/MainProcess] Received task: base.tasks.run_plan[5ca046be-1cc8-4c20-9200-72379e379f34]
[2019-06-01 02:54:44,140: INFO/Worker-1] run plan------->执行测试计划中<--------------
[2019-06-01 02:54:44,141: ERROR/Worker-1] 查询定时任务计划为空！
[2019-06-01 02:54:44,149: INFO/MainProcess] Task base.tasks.run_plan[5ca046be-1cc8-4c20-9200-72379e379f34] succeeded in 0.009897525000269525s: None
[2019-06-01 03:54:44,139: INFO/MainProcess] Received task: base.tasks.run_plan[939a0b0c-dc21-4be0-8065-eca41db900c9]
[2019-06-01 03:54:44,140: INFO/Worker-1] run plan------->执行测试计划中<--------------
[2019-06-01 03:54:44,141: ERROR/Worker-1] 查询定时任务计划为空！
[2019-06-01 03:54:44,150: INFO/MainProcess] Task base.tasks.run_plan[939a0b0c-dc21-4be0-8065-eca41db900c9] succeeded in 0.01024401900212979s: None
[2019-06-01 04:54:44,140: INFO/MainProcess] Received task: base.tasks.run_plan[ac64783a-b014-42ae-8984-4f8ec2149225]
[2019-06-01 04:54:44,141: INFO/Worker-1] run plan------->执行测试计划中<--------------
[2019-06-01 04:54:44,142: ERROR/Worker-1] 查询定时任务计划为空！
[2019-06-01 04:54:44,150: INFO/MainProcess] Task base.tasks.run_plan[ac64783a-b014-42ae-8984-4f8ec2149225] succeeded in 0.009651268999732565s: None
[2019-06-01 05:54:44,140: INFO/MainProcess] Received task: base.tasks.run_plan[e965be3b-b277-441b-a5ff-1594a81df157]
[2019-06-01 05:54:44,141: INFO/Worker-1] run plan------->执行测试计划中<--------------
[2019-06-01 05:54:44,142: ERROR/Worker-1] 查询定时任务计划为空！
[2019-06-01 05:54:44,151: INFO/MainProcess] Task base.tasks.run_plan[e965be3b-b277-441b-a5ff-1594a81df157] succeeded in 0.009529095004836563s: None
[2019-06-01 06:54:44,141: INFO/MainProcess] Received task: base.tasks.run_plan[82504210-246c-4ae8-8538-5ee25392e6e6]
[2019-06-01 06:54:44,142: INFO/Worker-1] run plan------->执行测试计划中<--------------
[2019-06-01 06:54:44,143: ERROR/Worker-1] 查询定时任务计划为空！
[2019-06-01 06:54:44,151: INFO/MainProcess] Task base.tasks.run_plan[82504210-246c-4ae8-8538-5ee25392e6e6] succeeded in 0.009077455993974581s: None
[2019-06-01 07:54:44,142: INFO/MainProcess] Received task: base.tasks.run_plan[a2ee0d78-e64f-41f0-8e6d-f111e37b9667]
[2019-06-01 07:54:44,142: INFO/Worker-1] run plan------->执行测试计划中<--------------
[2019-06-01 07:54:44,143: ERROR/Worker-1] 查询定时任务计划为空！
[2019-06-01 07:54:44,152: INFO/MainProcess] Task base.tasks.run_plan[a2ee0d78-e64f-41f0-8e6d-f111e37b9667] succeeded in 0.010092696989886463s: None
[2019-06-01 08:54:44,143: INFO/MainProcess] Received task: base.tasks.run_plan[c294d7f8-b8c9-461e-a498-a08f6dee0b48]
[2019-06-01 08:54:44,143: INFO/Worker-1] run plan------->执行测试计划中<--------------
[2019-06-01 08:54:44,144: ERROR/Worker-1] 查询定时任务计划为空！
[2019-06-01 08:54:44,157: INFO/MainProcess] Task base.tasks.run_plan[c294d7f8-b8c9-461e-a498-a08f6dee0b48] succeeded in 0.013848336006049067s: None
[2019-06-01 09:44:01,381: WARNING/MainProcess] /home/ubuntu/.virtualenvs/env/lib/python3.5/site-packages/celery/apps/worker.py:161: CDeprecationWarning: 
Starting from version 3.2 Celery will refuse to accept pickle by default.

The pickle serializer is a security concern as it may give attackers
the ability to execute any command.  It's important to secure
your broker from unauthorized access when using pickle, so we think
that enabling pickle should require a deliberate action and not be
the default choice.

If you depend on pickle then you should set a setting to disable this
warning and to be sure that everything will continue working
when you upgrade to Celery 3.2::

    CELERY_ACCEPT_CONTENT = ['pickle', 'json', 'msgpack', 'yaml']

You must only enable the serializers that you will actually use.


  warnings.warn(CDeprecationWarning(W_PICKLE_DEPRECATED))
[2019-06-01 09:44:01,510: INFO/MainProcess] Connected to redis://127.0.0.1:6379//
[2019-06-01 09:44:01,529: INFO/MainProcess] mingle: searching for neighbors
[2019-06-01 09:44:02,535: INFO/MainProcess] mingle: all alone
[2019-06-01 09:44:02,541: WARNING/MainProcess] celery@VM-0-14-ubuntu ready.
[2019-06-01 09:44:36,597: INFO/MainProcess] Received task: base.tasks.run_plan[e251061e-0b16-4ee7-b40b-34f76827d106]
[2019-06-01 09:44:36,598: INFO/Worker-1] run plan------->执行测试计划中<--------------
[2019-06-01 09:44:36,602: WARNING/Worker-1] interface params:
[2019-06-01 09:44:36,606: WARNING/Worker-1] https://course.rest.xxbmm.com/games/top
[2019-06-01 09:44:36,606: WARNING/Worker-1] {'token': ''}
[2019-06-01 09:44:36,606: WARNING/Worker-1] {}
[2019-06-01 09:44:36,606: WARNING/Worker-1] data
[2019-06-01 09:44:36,781: WARNING/Worker-1] /home/ubuntu/.virtualenvs/env/lib/python3.5/site-packages/urllib3/connectionpool.py:851: InsecureRequestWarning: Unverified HTTPS request is being made. Adding certificate verification is strongly advised. See: https://urllib3.readthedocs.io/en/latest/advanced-usage.html#ssl-warnings
  InsecureRequestWarning)
[2019-06-01 09:44:36,866: WARNING/Worker-1] 200
[2019-06-01 09:44:36,866: WARNING/Worker-1] {"suc":true,"msg":"成功","data":[{"id":5,"name":"31-吸管的脚印 B","img":"https://coursecdn.xxbmm.com/xxbmm-course-image/2019/03/20/13/323fb520-498b-4d71-8905-af0bcc055182.jpg","description":"","pay_type":"FREE","tags_name":["休闲娱乐"]},{"id":6,"name":"27-立体的圣诞老人-bcopy","img":"https://coursecdn.xxbmm.com/xxbmm-course-image/2019/03/20/11/fe7a6312-90db-400f-8ae7-527b5b6311c4.jpg","description":"27-立体的圣诞老人-bcopy 描述","pay_type":null,"tags_name":["益智游戏"]},{"id":23,"name":"30-不一样的画笔 B","img":"https://coursecdn.xxbmm.com/xxbmm-course-image/2019/03/20/13/b92e7888-11c2-42c0-8f70-e091e92cf129.jpg","description":"30-不一样的画笔 B ","pay_type":"FREE","tags_name":[]}],"response_code":0}
[2019-06-01 09:44:36,866: INFO/Worker-1] interface response data: {'case_name': '游戏排行榜', 'class_name': '定时任务', 'case_id': '1', 'func_name': 'test_case', 'step_list': [{'if_id': '77', 'method': 'get', 'if_name': '游戏排行榜', 'header': {'token': ''}, 'data_type': 'data', 'res_status_code': 200, 'result': 'pass', 'is_sign': 0, 'sign_type': 2, 'interface_totalTime': '0.010668999999999998s', 'url': 'https://course.rest.xxbmm.com/games/top', 'msg': {}, 'res_content': {'suc': True, 'msg': '成功', 'data': [{'id': 5, 'description': '', 'pay_type': 'FREE', 'name': '31-吸管的脚印 B', 'tags_name': ['休闲娱乐'], 'img': 'https://coursecdn.xxbmm.com/xxbmm-course-image/2019/03/20/13/323fb520-498b-4d71-8905-af0bcc055182.jpg'}, {'id': 6, 'description': '27-立体的圣诞老人-bcopy 描述', 'pay_type': None, 'name': '27-立体的圣诞老人-bcopy', 'tags_name': ['益智游戏'], 'img': 'https://coursecdn.xxbmm.com/xxbmm-course-image/2019/03/20/11/fe7a6312-90db-400f-8ae7-527b5b6311c4.jpg'}, {'id': 23, 'description': '30-不一样的画笔 B ', 'pay_type': 'FREE', 'name': '30-不一样的画笔 B', 'tags_name': [], 'img': 'https://coursecdn.xxbmm.com/xxbmm-course-image/2019/03/20/13/b92e7888-11c2-42c0-8f70-e091e92cf129.jpg'}], 'response_code': 0}, 'body': {}}], 'method_doc': ''}
[2019-06-01 09:44:37,119: INFO/Worker-1] 测试任务执行完成！
[2019-06-01 09:44:37,137: INFO/MainProcess] Task base.tasks.run_plan[e251061e-0b16-4ee7-b40b-34f76827d106] succeeded in 0.5387069850112312s: None
[2019-06-01 09:45:06,597: INFO/MainProcess] Received task: base.tasks.run_plan[c6ba5f25-ff23-4aa8-af8f-631150bb8e5f]
[2019-06-01 09:45:06,598: INFO/Worker-1] run plan------->执行测试计划中<--------------
[2019-06-01 09:45:06,601: WARNING/Worker-1] interface params:
[2019-06-01 09:45:06,602: WARNING/Worker-1] https://course.rest.xxbmm.com/games/top
[2019-06-01 09:45:06,602: WARNING/Worker-1] {'token': ''}
[2019-06-01 09:45:06,602: WARNING/Worker-1] {}
[2019-06-01 09:45:06,602: WARNING/Worker-1] data
[2019-06-01 09:45:06,769: WARNING/Worker-1] /home/ubuntu/.virtualenvs/env/lib/python3.5/site-packages/urllib3/connectionpool.py:851: InsecureRequestWarning: Unverified HTTPS request is being made. Adding certificate verification is strongly advised. See: https://urllib3.readthedocs.io/en/latest/advanced-usage.html#ssl-warnings
  InsecureRequestWarning)
[2019-06-01 09:45:06,852: WARNING/Worker-1] 200
[2019-06-01 09:45:06,853: WARNING/Worker-1] {"suc":true,"msg":"成功","data":[{"id":5,"name":"31-吸管的脚印 B","img":"https://coursecdn.xxbmm.com/xxbmm-course-image/2019/03/20/13/323fb520-498b-4d71-8905-af0bcc055182.jpg","description":"","pay_type":"FREE","tags_name":["休闲娱乐"]},{"id":6,"name":"27-立体的圣诞老人-bcopy","img":"https://coursecdn.xxbmm.com/xxbmm-course-image/2019/03/20/11/fe7a6312-90db-400f-8ae7-527b5b6311c4.jpg","description":"27-立体的圣诞老人-bcopy 描述","pay_type":null,"tags_name":["益智游戏"]},{"id":23,"name":"30-不一样的画笔 B","img":"https://coursecdn.xxbmm.com/xxbmm-course-image/2019/03/20/13/b92e7888-11c2-42c0-8f70-e091e92cf129.jpg","description":"30-不一样的画笔 B ","pay_type":"FREE","tags_name":[]}],"response_code":0}
[2019-06-01 09:45:06,853: INFO/Worker-1] interface response data: {'case_name': '游戏排行榜', 'class_name': '定时任务', 'case_id': '1', 'func_name': 'test_case', 'step_list': [{'if_id': '77', 'method': 'get', 'if_name': '游戏排行榜', 'header': {'token': ''}, 'data_type': 'data', 'res_status_code': 200, 'result': 'pass', 'is_sign': 0, 'sign_type': 2, 'interface_totalTime': '0.005900000000000016s', 'url': 'https://course.rest.xxbmm.com/games/top', 'msg': {}, 'res_content': {'suc': True, 'msg': '成功', 'data': [{'id': 5, 'description': '', 'pay_type': 'FREE', 'name': '31-吸管的脚印 B', 'tags_name': ['休闲娱乐'], 'img': 'https://coursecdn.xxbmm.com/xxbmm-course-image/2019/03/20/13/323fb520-498b-4d71-8905-af0bcc055182.jpg'}, {'id': 6, 'description': '27-立体的圣诞老人-bcopy 描述', 'pay_type': None, 'name': '27-立体的圣诞老人-bcopy', 'tags_name': ['益智游戏'], 'img': 'https://coursecdn.xxbmm.com/xxbmm-course-image/2019/03/20/11/fe7a6312-90db-400f-8ae7-527b5b6311c4.jpg'}, {'id': 23, 'description': '30-不一样的画笔 B ', 'pay_type': 'FREE', 'name': '30-不一样的画笔 B', 'tags_name': [], 'img': 'https://coursecdn.xxbmm.com/xxbmm-course-image/2019/03/20/13/b92e7888-11c2-42c0-8f70-e091e92cf129.jpg'}], 'response_code': 0}, 'body': {}}], 'method_doc': ''}
[2019-06-01 09:45:06,854: WARNING/Worker-1] /home/ubuntu/.virtualenvs/env/lib/python3.5/site-packages/matplotlib/figure.py:98: MatplotlibDeprecationWarning: 
Adding an axes using the same arguments as a previous axes currently reuses the earlier instance.  In a future version, a new instance will always be created and returned.  Meanwhile, this warning can be suppressed, and the future behavior ensured, by passing a unique label to each axes instance.
  "Adding an axes using the same arguments as a previous axes "
[2019-06-01 09:45:06,982: INFO/Worker-1] 测试任务执行完成！
[2019-06-01 09:45:06,990: INFO/MainProcess] Task base.tasks.run_plan[c6ba5f25-ff23-4aa8-af8f-631150bb8e5f] succeeded in 0.391742747000535s: None
[2019-06-01 10:45:06,600: INFO/MainProcess] Received task: base.tasks.run_plan[1dc43726-6677-4abd-97d5-f0b2f0b6b0ec]
[2019-06-01 10:45:06,603: WARNING/Worker-1] --- Logging error ---
[2019-06-01 10:45:06,608: WARNING/Worker-1] Traceback (most recent call last):
[2019-06-01 10:45:06,608: WARNING/Worker-1] File "/usr/lib/python3.5/logging/__init__.py", line 984, in emit
    self.flush()
[2019-06-01 10:45:06,608: WARNING/Worker-1] File "/usr/lib/python3.5/logging/__init__.py", line 964, in flush
    self.stream.flush()
[2019-06-01 10:45:06,608: WARNING/Worker-1] BrokenPipeError: [Errno 32] Broken pipe
[2019-06-01 10:45:06,609: WARNING/Worker-1] Call stack:
[2019-06-01 10:45:06,633: WARNING/Worker-1] File "manage.py", line 15, in <module>
    execute_from_command_line(sys.argv)
[2019-06-01 10:45:06,633: WARNING/Worker-1] File "/home/ubuntu/.virtualenvs/env/lib/python3.5/site-packages/django/core/management/__init__.py", line 371, in execute_from_command_line
    utility.execute()
[2019-06-01 10:45:06,633: WARNING/Worker-1] File "/home/ubuntu/.virtualenvs/env/lib/python3.5/site-packages/django/core/management/__init__.py", line 365, in execute
    self.fetch_command(subcommand).run_from_argv(self.argv)
[2019-06-01 10:45:06,633: WARNING/Worker-1] File "/home/ubuntu/.virtualenvs/env/lib/python3.5/site-packages/djcelery/management/commands/celery.py", line 21, in run_from_argv
    ['{0[0]} {0[1]}'.format(argv)] + argv[2:],
[2019-06-01 10:45:06,633: WARNING/Worker-1] File "/home/ubuntu/.virtualenvs/env/lib/python3.5/site-packages/celery/bin/celery.py", line 793, in execute_from_commandline
    super(CeleryCommand, self).execute_from_commandline(argv)))
[2019-06-01 10:45:06,633: WARNING/Worker-1] File "/home/ubuntu/.virtualenvs/env/lib/python3.5/site-packages/celery/bin/base.py", line 311, in execute_from_commandline
    return self.handle_argv(self.prog_name, argv[1:])
[2019-06-01 10:45:06,633: WARNING/Worker-1] File "/home/ubuntu/.virtualenvs/env/lib/python3.5/site-packages/celery/bin/celery.py", line 785, in handle_argv
    return self.execute(command, argv)
[2019-06-01 10:45:06,633: WARNING/Worker-1] File "/home/ubuntu/.virtualenvs/env/lib/python3.5/site-packages/celery/bin/celery.py", line 717, in execute
    ).run_from_argv(self.prog_name, argv[1:], command=argv[0])
[2019-06-01 10:45:06,633: WARNING/Worker-1] File "/home/ubuntu/.virtualenvs/env/lib/python3.5/site-packages/celery/bin/worker.py", line 179, in run_from_argv
    return self(*args, **options)
[2019-06-01 10:45:06,633: WARNING/Worker-1] File "/home/ubuntu/.virtualenvs/env/lib/python3.5/site-packages/celery/bin/base.py", line 274, in __call__
    ret = self.run(*args, **kwargs)
[2019-06-01 10:45:06,633: WARNING/Worker-1] File "/home/ubuntu/.virtualenvs/env/lib/python3.5/site-packages/celery/bin/worker.py", line 212, in run
    state_db=self.node_format(state_db, hostname), **kwargs
[2019-06-01 10:45:06,634: WARNING/Worker-1] File "/home/ubuntu/.virtualenvs/env/lib/python3.5/site-packages/celery/worker/__init__.py", line 206, in start
    self.blueprint.start(self)
[2019-06-01 10:45:06,634: WARNING/Worker-1] File "/home/ubuntu/.virtualenvs/env/lib/python3.5/site-packages/celery/bootsteps.py", line 123, in start
    step.start(parent)
[2019-06-01 10:45:06,634: WARNING/Worker-1] File "/home/ubuntu/.virtualenvs/env/lib/python3.5/site-packages/celery/bootsteps.py", line 374, in start
    return self.obj.start()
[2019-06-01 10:45:06,634: WARNING/Worker-1] File "/home/ubuntu/.virtualenvs/env/lib/python3.5/site-packages/celery/concurrency/base.py", line 131, in start
    self.on_start()
[2019-06-01 10:45:06,634: WARNING/Worker-1] File "/home/ubuntu/.virtualenvs/env/lib/python3.5/site-packages/celery/concurrency/prefork.py", line 119, in on_start
    **self.options)
[2019-06-01 10:45:06,634: WARNING/Worker-1] File "/home/ubuntu/.virtualenvs/env/lib/python3.5/site-packages/celery/concurrency/asynpool.py", line 401, in __init__
    super(AsynPool, self).__init__(processes, *args, **kwargs)
[2019-06-01 10:45:06,634: WARNING/Worker-1] File "/home/ubuntu/.virtualenvs/env/lib/python3.5/site-packages/billiard/pool.py", line 972, in __init__
    self._create_worker_process(i)
[2019-06-01 10:45:06,634: WARNING/Worker-1] File "/home/ubuntu/.virtualenvs/env/lib/python3.5/site-packages/celery/concurrency/asynpool.py", line 415, in _create_worker_process
    return super(AsynPool, self)._create_worker_process(i)
[2019-06-01 10:45:06,634: WARNING/Worker-1] File "/home/ubuntu/.virtualenvs/env/lib/python3.5/site-packages/billiard/pool.py", line 1068, in _create_worker_process
    w.start()
[2019-06-01 10:45:06,634: WARNING/Worker-1] File "/home/ubuntu/.virtualenvs/env/lib/python3.5/site-packages/billiard/process.py", line 137, in start
    self._popen = Popen(self)
[2019-06-01 10:45:06,635: WARNING/Worker-1] File "/home/ubuntu/.virtualenvs/env/lib/python3.5/site-packages/billiard/forking.py", line 105, in __init__
    code = process_obj._bootstrap()
[2019-06-01 10:45:06,635: WARNING/Worker-1] File "/home/ubuntu/.virtualenvs/env/lib/python3.5/site-packages/billiard/process.py", line 292, in _bootstrap
    self.run()
[2019-06-01 10:45:06,635: WARNING/Worker-1] File "/home/ubuntu/.virtualenvs/env/lib/python3.5/site-packages/billiard/pool.py", line 295, in run
    sys.exit(self.workloop(pid=pid))
[2019-06-01 10:45:06,635: WARNING/Worker-1] File "/home/ubuntu/.virtualenvs/env/lib/python3.5/site-packages/billiard/pool.py", line 367, in workloop
    result = (True, prepare_result(fun(*args, **kwargs)))
[2019-06-01 10:45:06,635: WARNING/Worker-1] File "/home/ubuntu/.virtualenvs/env/lib/python3.5/site-packages/celery/app/trace.py", line 349, in _fast_trace_task
    return _tasks[task].__trace__(uuid, args, kwargs, request)[0]
[2019-06-01 10:45:06,635: WARNING/Worker-1] File "/home/ubuntu/.virtualenvs/env/lib/python3.5/site-packages/celery/app/trace.py", line 240, in trace_task
    R = retval = fun(*args, **kwargs)
[2019-06-01 10:45:06,635: WARNING/Worker-1] File "/home/ubuntu/.virtualenvs/env/lib/python3.5/site-packages/celery/app/trace.py", line 438, in __protected_call__
    return self.run(*args, **kwargs)
[2019-06-01 10:45:06,635: WARNING/Worker-1] File "/home/ubuntu/EasyTest/base/tasks.py", line 31, in run_plan
    log.info('run plan------->执行测试计划中<--------------')
[2019-06-01 10:45:06,635: WARNING/Worker-1] Message: 'run plan------->执行测试计划中<--------------'
Arguments: ()
[2019-06-01 10:45:06,602: INFO/Worker-1] run plan------->执行测试计划中<--------------
[2019-06-01 10:45:06,636: WARNING/Worker-1] --- Logging error ---
[2019-06-01 10:45:06,636: WARNING/Worker-1] Traceback (most recent call last):
[2019-06-01 10:45:06,637: WARNING/Worker-1] File "/usr/lib/python3.5/logging/__init__.py", line 984, in emit
    self.flush()
[2019-06-01 10:45:06,637: WARNING/Worker-1] File "/usr/lib/python3.5/logging/__init__.py", line 964, in flush
    self.stream.flush()
[2019-06-01 10:45:06,638: WARNING/Worker-1] BrokenPipeError: [Errno 32] Broken pipe
[2019-06-01 10:45:06,638: WARNING/Worker-1] Call stack:
[2019-06-01 10:45:06,638: WARNING/Worker-1] File "manage.py", line 15, in <module>
    execute_from_command_line(sys.argv)
[2019-06-01 10:45:06,638: WARNING/Worker-1] File "/home/ubuntu/.virtualenvs/env/lib/python3.5/site-packages/django/core/management/__init__.py", line 371, in execute_from_command_line
    utility.execute()
[2019-06-01 10:45:06,638: WARNING/Worker-1] File "/home/ubuntu/.virtualenvs/env/lib/python3.5/site-packages/django/core/management/__init__.py", line 365, in execute
    self.fetch_command(subcommand).run_from_argv(self.argv)
[2019-06-01 10:45:06,639: WARNING/Worker-1] File "/home/ubuntu/.virtualenvs/env/lib/python3.5/site-packages/djcelery/management/commands/celery.py", line 21, in run_from_argv
    ['{0[0]} {0[1]}'.format(argv)] + argv[2:],
[2019-06-01 10:45:06,639: WARNING/Worker-1] File "/home/ubuntu/.virtualenvs/env/lib/python3.5/site-packages/celery/bin/celery.py", line 793, in execute_from_commandline
    super(CeleryCommand, self).execute_from_commandline(argv)))
[2019-06-01 10:45:06,639: WARNING/Worker-1] File "/home/ubuntu/.virtualenvs/env/lib/python3.5/site-packages/celery/bin/base.py", line 311, in execute_from_commandline
    return self.handle_argv(self.prog_name, argv[1:])
[2019-06-01 10:45:06,639: WARNING/Worker-1] File "/home/ubuntu/.virtualenvs/env/lib/python3.5/site-packages/celery/bin/celery.py", line 785, in handle_argv
    return self.execute(command, argv)
[2019-06-01 10:45:06,639: WARNING/Worker-1] File "/home/ubuntu/.virtualenvs/env/lib/python3.5/site-packages/celery/bin/celery.py", line 717, in execute
    ).run_from_argv(self.prog_name, argv[1:], command=argv[0])
[2019-06-01 10:45:06,642: WARNING/Worker-1] File "/home/ubuntu/.virtualenvs/env/lib/python3.5/site-packages/celery/bin/worker.py", line 179, in run_from_argv
    return self(*args, **options)
[2019-06-01 10:45:06,642: WARNING/Worker-1] File "/home/ubuntu/.virtualenvs/env/lib/python3.5/site-packages/celery/bin/base.py", line 274, in __call__
    ret = self.run(*args, **kwargs)
[2019-06-01 10:45:06,642: WARNING/Worker-1] File "/home/ubuntu/.virtualenvs/env/lib/python3.5/site-packages/celery/bin/worker.py", line 212, in run
    state_db=self.node_format(state_db, hostname), **kwargs
[2019-06-01 10:45:06,642: WARNING/Worker-1] File "/home/ubuntu/.virtualenvs/env/lib/python3.5/site-packages/celery/worker/__init__.py", line 206, in start
    self.blueprint.start(self)
[2019-06-01 10:45:06,642: WARNING/Worker-1] File "/home/ubuntu/.virtualenvs/env/lib/python3.5/site-packages/celery/bootsteps.py", line 123, in start
    step.start(parent)
[2019-06-01 10:45:06,642: WARNING/Worker-1] File "/home/ubuntu/.virtualenvs/env/lib/python3.5/site-packages/celery/bootsteps.py", line 374, in start
    return self.obj.start()
[2019-06-01 10:45:06,642: WARNING/Worker-1] File "/home/ubuntu/.virtualenvs/env/lib/python3.5/site-packages/celery/concurrency/base.py", line 131, in start
    self.on_start()
[2019-06-01 10:45:06,642: WARNING/Worker-1] File "/home/ubuntu/.virtualenvs/env/lib/python3.5/site-packages/celery/concurrency/prefork.py", line 119, in on_start
    **self.options)
[2019-06-01 10:45:06,642: WARNING/Worker-1] File "/home/ubuntu/.virtualenvs/env/lib/python3.5/site-packages/celery/concurrency/asynpool.py", line 401, in __init__
    super(AsynPool, self).__init__(processes, *args, **kwargs)
[2019-06-01 10:45:06,643: WARNING/Worker-1] File "/home/ubuntu/.virtualenvs/env/lib/python3.5/site-packages/billiard/pool.py", line 972, in __init__
    self._create_worker_process(i)
[2019-06-01 10:45:06,643: WARNING/Worker-1] File "/home/ubuntu/.virtualenvs/env/lib/python3.5/site-packages/celery/concurrency/asynpool.py", line 415, in _create_worker_process
    return super(AsynPool, self)._create_worker_process(i)
[2019-06-01 10:45:06,643: WARNING/Worker-1] File "/home/ubuntu/.virtualenvs/env/lib/python3.5/site-packages/billiard/pool.py", line 1068, in _create_worker_process
    w.start()
[2019-06-01 10:45:06,643: WARNING/Worker-1] File "/home/ubuntu/.virtualenvs/env/lib/python3.5/site-packages/billiard/process.py", line 137, in start
    self._popen = Popen(self)
[2019-06-01 10:45:06,643: WARNING/Worker-1] File "/home/ubuntu/.virtualenvs/env/lib/python3.5/site-packages/billiard/forking.py", line 105, in __init__
    code = process_obj._bootstrap()
[2019-06-01 10:45:06,643: WARNING/Worker-1] File "/home/ubuntu/.virtualenvs/env/lib/python3.5/site-packages/billiard/process.py", line 292, in _bootstrap
    self.run()
[2019-06-01 10:45:06,643: WARNING/Worker-1] File "/home/ubuntu/.virtualenvs/env/lib/python3.5/site-packages/billiard/pool.py", line 295, in run
    sys.exit(self.workloop(pid=pid))
[2019-06-01 10:45:06,643: WARNING/Worker-1] File "/home/ubuntu/.virtualenvs/env/lib/python3.5/site-packages/billiard/pool.py", line 367, in workloop
    result = (True, prepare_result(fun(*args, **kwargs)))
[2019-06-01 10:45:06,643: WARNING/Worker-1] File "/home/ubuntu/.virtualenvs/env/lib/python3.5/site-packages/celery/app/trace.py", line 349, in _fast_trace_task
    return _tasks[task].__trace__(uuid, args, kwargs, request)[0]
[2019-06-01 10:45:06,643: WARNING/Worker-1] File "/home/ubuntu/.virtualenvs/env/lib/python3.5/site-packages/celery/app/trace.py", line 240, in trace_task
    R = retval = fun(*args, **kwargs)
[2019-06-01 10:45:06,643: WARNING/Worker-1] File "/home/ubuntu/.virtualenvs/env/lib/python3.5/site-packages/celery/app/trace.py", line 438, in __protected_call__
    return self.run(*args, **kwargs)
[2019-06-01 10:45:06,643: WARNING/Worker-1] File "/home/ubuntu/EasyTest/base/tasks.py", line 37, in run_plan
    log.error('查询定时任务计划为空！')
[2019-06-01 10:45:06,643: WARNING/Worker-1] Message: '查询定时任务计划为空！'
Arguments: ()
[2019-06-01 10:45:06,636: ERROR/Worker-1] 查询定时任务计划为空！
[2019-06-01 10:45:06,655: INFO/MainProcess] Task base.tasks.run_plan[1dc43726-6677-4abd-97d5-f0b2f0b6b0ec] succeeded in 0.05226417999074329s: None
[2019-06-01 10:58:55,876: INFO/MainProcess] Received task: base.tasks.run_plan[4c41a302-15f2-40e7-9979-67adba5502ba]
[2019-06-01 10:58:55,877: INFO/Worker-1] run plan------->执行测试计划中<--------------
[2019-06-01 10:58:55,880: WARNING/Worker-1] interface params:
[2019-06-01 10:58:55,880: WARNING/Worker-1] https://course.rest.xxbmm.com/games/top
[2019-06-01 10:58:55,880: WARNING/Worker-1] {'token': ''}
[2019-06-01 10:58:55,881: WARNING/Worker-1] {}
[2019-06-01 10:58:55,881: WARNING/Worker-1] data
[2019-06-01 10:58:56,196: WARNING/Worker-1] /home/ubuntu/.virtualenvs/env/lib/python3.5/site-packages/urllib3/connectionpool.py:851: InsecureRequestWarning: Unverified HTTPS request is being made. Adding certificate verification is strongly advised. See: https://urllib3.readthedocs.io/en/latest/advanced-usage.html#ssl-warnings
  InsecureRequestWarning)
[2019-06-01 10:58:56,285: WARNING/Worker-1] 200
[2019-06-01 10:58:56,285: WARNING/Worker-1] {"suc":true,"msg":"成功","data":[{"id":5,"name":"31-吸管的脚印 B","img":"https://coursecdn.xxbmm.com/xxbmm-course-image/2019/03/20/13/323fb520-498b-4d71-8905-af0bcc055182.jpg","description":"","pay_type":"FREE","tags_name":["休闲娱乐"]},{"id":6,"name":"27-立体的圣诞老人-bcopy","img":"https://coursecdn.xxbmm.com/xxbmm-course-image/2019/03/20/11/fe7a6312-90db-400f-8ae7-527b5b6311c4.jpg","description":"27-立体的圣诞老人-bcopy 描述","pay_type":null,"tags_name":["益智游戏"]},{"id":23,"name":"30-不一样的画笔 B","img":"https://coursecdn.xxbmm.com/xxbmm-course-image/2019/03/20/13/b92e7888-11c2-42c0-8f70-e091e92cf129.jpg","description":"30-不一样的画笔 B ","pay_type":"FREE","tags_name":[]}],"response_code":0}
[2019-06-01 10:58:56,285: INFO/Worker-1] interface response data: {'case_name': '游戏排行榜', 'class_name': '定时任务', 'case_id': '1', 'func_name': 'test_case', 'step_list': [{'if_id': '77', 'method': 'get', 'if_name': '游戏排行榜', 'header': {'token': ''}, 'data_type': 'data', 'res_status_code': 200, 'result': 'pass', 'is_sign': 0, 'sign_type': 2, 'interface_totalTime': '0.006217000000000028s', 'url': 'https://course.rest.xxbmm.com/games/top', 'msg': {}, 'res_content': {'suc': True, 'msg': '成功', 'data': [{'id': 5, 'description': '', 'pay_type': 'FREE', 'name': '31-吸管的脚印 B', 'tags_name': ['休闲娱乐'], 'img': 'https://coursecdn.xxbmm.com/xxbmm-course-image/2019/03/20/13/323fb520-498b-4d71-8905-af0bcc055182.jpg'}, {'id': 6, 'description': '27-立体的圣诞老人-bcopy 描述', 'pay_type': None, 'name': '27-立体的圣诞老人-bcopy', 'tags_name': ['益智游戏'], 'img': 'https://coursecdn.xxbmm.com/xxbmm-course-image/2019/03/20/11/fe7a6312-90db-400f-8ae7-527b5b6311c4.jpg'}, {'id': 23, 'description': '30-不一样的画笔 B ', 'pay_type': 'FREE', 'name': '30-不一样的画笔 B', 'tags_name': [], 'img': 'https://coursecdn.xxbmm.com/xxbmm-course-image/2019/03/20/13/b92e7888-11c2-42c0-8f70-e091e92cf129.jpg'}], 'response_code': 0}, 'body': {}}], 'method_doc': ''}
[2019-06-01 10:58:56,501: INFO/Worker-1] 测试任务执行完成！
